../Src/main.c:80:6:SystemInit	1
../Src/main.c:84:6:SysTick_Handler	1
../Src/main.c:89:6:EXTI15_10_IRQHandler	2
../Src/main.c:97:10:get_tick	1
../Src/main.c:102:6:pll_init	4
../Src/main.c:127:6:systick_init	1
../Src/main.c:134:6:usart2_init	1
../Src/main.c:155:6:gpio_init	1
../Src/main.c:189:6:exti_init	1
../Src/main.c:200:6:spi2_init	1
../Src/main.c:237:6:spi_select	1
../Src/main.c:241:6:spi_deselect	1
../Src/main.c:248:9:spi_transfer	3
../Src/main.c:256:6:spi_stop	2
../Src/main.c:262:6:usart2_transmit	2
../Src/main.c:268:6:usart2_send_string	2
../Src/main.c:275:6:usart2_send_number	4
../Src/main.c:284:5:main	9
